2026-10-06 16:23:17+00:00 [Note] [Entrypoint]: Entrypoint script for MariaDB Server 1:11.8.9+maria~ubu2404 started.
2026-10-06 16:23:18+00:00 [Warn] [Entrypoint]: /sys/fs/cgroup///memory.pressure not writable, functionality unavailable to MariaDB
2026-10-06 16:23:18+00:00 [Note] [Entrypoint]: Switching to dedicated user 'mysql'
2026-10-06 16:23:18+00:00 [Note] [Entrypoint]: Entrypoint script for MariaDB Server 1:11.8.9+maria~ubu2404 started.
2026-10-06 16:23:18+00:00 [Note] [Entrypoint]: MariaDB upgrade not required
2026-10-06 16:23:18 0 [Note] Starting MariaDB 11.8.9-MariaDB-ubu2404 source revision bf9193a939f515e95dd8def1a5468088c91cede6 server_uid YtZhrlu7P+XvIL17CBoP/UqaKFk= as process 1
2026-10-06 16:23:18 0 [Note] RocksDB: 2 column families found
2026-10-06 16:23:18 0 [Note] RocksDB: Column Families at start:
2026-10-06 16:23:18 0 [Note]   cf=default
2026-10-06 16:23:18 0 [Note]     write_buffer_size=67108864
2026-10-06 16:23:18 0 [Note]     target_file_size_base=67108864
2026-10-06 16:23:18 0 [Note]   cf=__system__
2026-10-06 16:23:18 0 [Note]     write_buffer_size=67108864
2026-10-06 16:23:18 0 [Note]     target_file_size_base=67108864
2026-10-06 16:23:18 0 [Note] RocksDB: Table_store: loaded DDL data for 0 tables
2026-10-06 16:23:18 0 [Note] RocksDB: global statistics using get_sched_indexer_t indexer
2026-10-06 16:23:18 0 [Note] MyRocks storage engine plugin has been successfully initialized.
2026-10-06 16:23:18 0 [Note] InnoDB: Compressed tables use zlib 1.3
2026-10-06 16:23:18 0 [Note] InnoDB: Number of transaction pools: 1
2026-10-06 16:23:18 0 [Note] InnoDB: Using crc32 + pclmulqdq instructions
2026-10-06 16:23:18 0 [Warning] mariadbd: io_uring_queue_init() failed with EPERM: sysctl kernel.io_uring_disabled has the value 2, or 1 and the user of the process is not a member of sysctl kernel.io_uring_group. (see man 2 io_uring_setup).
create_uring failed: falling back to libaio
2026-10-06 16:23:18 0 [Note] InnoDB: Using Linux native AIO
2026-10-06 16:23:18 0 [Note] InnoDB: innodb_buffer_pool_size_max=8388612m, innodb_buffer_pool_size=128m
2026-10-06 16:23:18 0 [Note] InnoDB: Completed initialization of buffer pool
2026-10-06 16:23:18 0 [Note] InnoDB: File system buffers for log disabled (block size=4096 bytes)
2026-10-06 16:23:18 0 [Note] InnoDB: End of log at LSN=45568
2026-10-06 16:23:18 0 [Note] InnoDB: Opened 3 undo tablespaces
2026-10-06 16:23:18 0 [Note] InnoDB: 128 rollback segments in 3 undo tablespaces are active.
2026-10-06 16:23:18 0 [Note] InnoDB: Setting file './ibtmp1' size to 12.000MiB. Physically writing the file full; Please wait ...
2026-10-06 16:23:18 0 [Note] InnoDB: File './ibtmp1' size is now 12.000MiB.
2026-10-06 16:23:18 0 [Note] InnoDB: log sequence number 45568; transaction id 14
2026-10-06 16:23:18 0 [Note] InnoDB: Loading buffer pool(s) from /var/lib/mysql/ib_buffer_pool
2026-10-06 16:23:18 0 [Note] Plugin 'FEEDBACK' is disabled.
2026-10-06 16:23:18 0 [Note] Plugin 'wsrep-provider' is disabled.
2026-10-06 16:23:18 0 [Note] InnoDB: Buffer pool(s) load completed at 261006 16:23:18
2026-10-06 16:23:19 0 [Note] Server socket created on IP: '0.0.0.0', port: '3306'.
2026-10-06 16:23:19 0 [Note] Server socket created on IP: '::', port: '3306'.
2026-10-06 16:23:19 0 [Note] mariadbd: Event Scheduler: Loaded 0 events
2026-10-06 16:23:19 0 [Note] mariadbd: ready for connections.
Version: '11.8.9-MariaDB-ubu2404'  socket: '/run/mysqld/mysqld.sock'  port: 3306  mariadb.org binary distribution
